// Jest Snapshot v1, https://goo.gl/fbAQLP

exports[`TermsQueryForm should render component 1`] = `
<Fragment>
  <div
    className="form-field"
  >
    <Component>
      Field
    </Component>
    <MetricSelect
      className="width-15"
      isSearchable={true}
      onChange={[Function]}
      options={
        Array [
          Object {
            "expanded": false,
            "label": "Fields",
            "options": Array [
              Object {
                "description": "number",
                "label": "field.a",
                "value": "field.a",
              },
            ],
          },
        ]
      }
      placeholder="Select field"
      value=""
      variables={Array []}
    />
  </div>
  <div
    className="form-field"
  >
    <Component>
      Query
    </Component>
    <Input
      className=""
      onBlur={[Function]}
      onChange={[Function]}
      placeholder="lucene query"
      value=""
    />
  </div>
  <div
    className="form-field"
  >
    <Component>
      Size
    </Component>
    <Input
      className="gf-form-input width-6"
      onBlur={[Function]}
      onChange={[Function]}
      placeholder="500"
      type="number"
      value=""
    />
  </div>
</Fragment>
`;
