// Jest Snapshot v1, https://goo.gl/fbAQLP

exports[`GEL Utils should parse output with dataframe 1`] = `
Array [
  Object {
    "fields": Array [
      Object {
        "config": Object {},
        "labels": undefined,
        "name": "Time",
        "type": "time",
        "values": Int32Array [
          882710016,
          365389179,
          1587742720,
          365389180,
          -2002191872,
          365389181,
          -1297159168,
          365389182,
          -592126464,
          365389183,
          112906240,
          365389185,
          817938944,
          365389186,
          1522971648,
          365389187,
          -2066962944,
          365389188,
          -1361930240,
          365389189,
          -656897536,
          365389190,
          48135168,
          365389192,
          753167872,
          365389193,
        ],
      },
      Object {
        "config": Object {},
        "labels": undefined,
        "name": "",
        "type": "number",
        "values": Float64Array [
          3,
          3,
          3,
          5,
          5,
          5,
          3,
          3,
          3,
          5,
          5,
          5,
          3,
        ],
      },
    ],
    "meta": undefined,
    "name": undefined,
    "refId": undefined,
  },
  Object {
    "fields": Array [
      Object {
        "config": Object {},
        "labels": undefined,
        "name": "Time",
        "type": "time",
        "values": Int32Array [
          882710016,
          365389179,
          1587742720,
          365389180,
          -2002191872,
          365389181,
          -1297159168,
          365389182,
          -592126464,
          365389183,
          112906240,
          365389185,
          817938944,
          365389186,
          1522971648,
          365389187,
          -2066962944,
          365389188,
          -1361930240,
          365389189,
          -656897536,
          365389190,
          48135168,
          365389192,
          753167872,
          365389193,
        ],
      },
      Object {
        "config": Object {},
        "labels": undefined,
        "name": "GB-series",
        "type": "number",
        "values": Float64Array [
          0,
          0,
          0,
          2,
          2,
          2,
          0,
          0,
          0,
          2,
          2,
          2,
          0,
        ],
      },
    ],
    "meta": undefined,
    "name": undefined,
    "refId": undefined,
  },
]
`;
