// Jest Snapshot v1, https://goo.gl/fbAQLP

exports[`useSilenceAbility should report silence actions for Mimir alertmanager 1`] = `
{
  "create": {
    "anyOfPermissions": [
      "alert.instances:create",
    ],
    "cause": "INSUFFICIENT_PERMISSIONS",
    "granted": false,
  },
  "view": {
    "anyOfPermissions": [
      "alert.instances:read",
    ],
    "cause": "INSUFFICIENT_PERMISSIONS",
    "granted": false,
  },
}
`;
