// Jest Snapshot v1, https://goo.gl/fbAQLP

exports[`Render should render component 1`] = `
<li
  className="css-1aih96i"
>
  <Component
    actions={
      Array [
        <Button
          icon="pause"
          onClick={[MockFunction]}
          variant="secondary"
        >
          Pause
        </Button>,
        <LinkButton
          href="https://something.something.darkside?editPanel=1&tab=alert"
          icon="cog"
          variant="secondary"
        >
          Edit alert
        </LinkButton>,
      ]
    }
    heading={
      <a
        href="https://something.something.darkside?editPanel=1&tab=alert"
      >
        <Highlighter
          highlightClassName="highlight-search-match"
          searchWords={
            Array [
              "",
            ]
          }
          textToHighlight="Some rule"
        />
      </a>
    }
    image={
      <Icon
        className="alert-rule-item__icon state class"
        name="icon"
        size="xl"
      />
    }
    metadata={
      Array [
        <span>
          <span
            className="state class"
          >
            <Highlighter
              highlightClassName="highlight-search-match"
              searchWords={
                Array [
                  "",
                ]
              }
              textToHighlight="state text"
            />
             
          </span>
          for 
          age
        </span>,
        null,
      ]
    }
  />
</li>
`;
