// Jest Snapshot v1, https://goo.gl/fbAQLP

exports[`PickerOption renders correctly 1`] = `
<div>
  <div
    className="description-picker-option__button btn btn-link class-for-user-picker"
  >
    <img
      alt="User picker label"
      className="user-picker-option__avatar"
      src="url/to/avatar"
    />
    Model title
  </div>
</div>
`;
  