// Jest Snapshot v1, https://goo.gl/fbAQLP

exports[`LokiExploreQueryEditor should render component 1`] = `
<LokiQueryField
  ExtraFieldElement={
    <LokiOptionFields
      lineLimitValue="0"
      onChange={[MockFunction]}
      onRunQuery={[MockFunction]}
      query={
        Object {
          "expr": "",
          "maxLines": 0,
          "refId": "A",
        }
      }
      resolution={1}
    />
  }
  data={
    Object {
      "request": Object {
        "app": "Grafana",
        "dashboardId": 1,
        "interval": "1s",
        "intervalMs": 1000,
        "panelId": 1,
        "range": Object {
          "from": "2020-01-01T00:00:00.000Z",
          "raw": Object {
            "from": "2020-01-01T00:00:00.000Z",
            "to": "2020-01-02T00:00:00.000Z",
          },
          "to": "2020-01-02T00:00:00.000Z",
        },
        "requestId": "1",
        "scopedVars": Object {},
        "startTime": 0,
        "targets": Array [],
        "timezone": "GMT",
      },
      "series": Array [],
      "state": "NotStarted",
      "timeRange": Object {
        "from": "2020-01-01T00:00:00.000Z",
        "raw": Object {
          "from": "2020-01-01T00:00:00.000Z",
          "to": "2020-01-02T00:00:00.000Z",
        },
        "to": "2020-01-02T00:00:00.000Z",
      },
    }
  }
  data-testid="loki-editor-explore"
  datasource={
    LokiDatasource {
      "annotations": Object {
        "QueryEditor": Object {
          "$$typeof": Symbol(react.memo),
          "compare": null,
          "type": [Function],
        },
      },
      "getLogRowContext": [Function],
      "id": 0,
      "instanceSettings": Object {
        "access": "direct",
        "id": 0,
        "jsonData": Object {
          "maxLines": "20",
        },
        "meta": Object {
          "baseUrl": "",
          "id": "id",
          "info": Object {
            "author": Object {
              "name": "Test",
            },
            "description": "",
            "links": Array [],
            "logos": Object {
              "large": "",
              "small": "",
            },
            "screenshots": Array [],
            "updated": "",
            "version": "",
          },
          "module": "",
          "name": "name",
          "type": "datasource",
        },
        "name": "",
        "readOnly": false,
        "type": "",
        "uid": "",
        "url": "myloggingurl",
      },
      "languageProvider": LokiLanguageProvider {
        "cleanText": [Function],
        "datasource": [Circular],
        "fetchSeries": [Function],
        "fetchSeriesLabels": [Function],
        "getBeginningCompletionItems": [Function],
        "getPipeCompletionItem": [Function],
        "getTermCompletionItems": [Function],
        "labelFetchTs": 0,
        "labelKeys": Array [],
        "labelsCache": LRUCache {
          "allowStale": false,
          "disposeAfter": null,
          "disposed": null,
          "fetchContext": undefined,
          "fetchMethod": null,
          "free": Stack {
            "heap": Uint8Array [
              0,
              0,
              0,
              0,
              0,
              0,
              0,
              0,
              0,
              0,
            ],
            "length": 0,
          },
          "head": 0,
          "initialFill": 1,
          "keyList": Array [
            null,
            null,
            null,
            null,
            null,
            null,
            null,
            null,
            null,
            null,
          ],
          "keyMap": Map {},
          "max": 10,
          "maxSize": 0,
          "next": Uint8Array [
            0,
            0,
            0,
            0,
            0,
            0,
            0,
            0,
            0,
            0,
          ],
          "noDeleteOnFetchRejection": false,
          "noDeleteOnStaleGet": false,
          "noDisposeOnSet": false,
          "noUpdateTTL": false,
          "prev": Uint8Array [
            0,
            0,
            0,
            0,
            0,
            0,
            0,
            0,
            0,
            0,
          ],
          "size": 0,
          "sizeCalculation": undefined,
          "tail": 0,
          "ttl": 0,
          "ttlAutopurge": false,
          "ttlResolution": 1,
          "updateAgeOnGet": false,
          "updateAgeOnHas": false,
          "valList": Array [
            null,
            null,
            null,
            null,
            null,
            null,
            null,
            null,
            null,
            null,
          ],
        },
        "lookupsDisabled": false,
        "request": [Function],
        "seriesCache": LRUCache {
          "allowStale": false,
          "disposeAfter": null,
          "disposed": null,
          "fetchContext": undefined,
          "fetchMethod": null,
          "free": Stack {
            "heap": Uint8Array [
              0,
              0,
              0,
              0,
              0,
              0,
              0,
              0,
              0,
              0,
            ],
            "length": 0,
          },
          "head": 0,
          "initialFill": 1,
          "keyList": Array [
            null,
            null,
            null,
            null,
            null,
            null,
            null,
            null,
            null,
            null,
          ],
          "keyMap": Map {},
          "max": 10,
          "maxSize": 0,
          "next": Uint8Array [
            0,
            0,
            0,
            0,
            0,
            0,
            0,
            0,
            0,
            0,
          ],
          "noDeleteOnFetchRejection": false,
          "noDeleteOnStaleGet": false,
          "noDisposeOnSet": false,
          "noUpdateTTL": false,
          "prev": Uint8Array [
            0,
            0,
            0,
            0,
            0,
            0,
            0,
            0,
            0,
            0,
          ],
          "size": 0,
          "sizeCalculation": undefined,
          "tail": 0,
          "ttl": 0,
          "ttlAutopurge": false,
          "ttlResolution": 1,
          "updateAgeOnGet": false,
          "updateAgeOnHas": false,
          "valList": Array [
            null,
            null,
            null,
            null,
            null,
            null,
            null,
            null,
            null,
            null,
          ],
        },
        "start": [Function],
        "started": false,
      },
      "maxLines": 20,
      "meta": Object {
        "baseUrl": "",
        "id": "id",
        "info": Object {
          "author": Object {
            "name": "Test",
          },
          "description": "",
          "links": Array [],
          "logos": Object {
            "large": "",
            "small": "",
          },
          "screenshots": Array [],
          "updated": "",
          "version": "",
        },
        "module": "",
        "name": "name",
        "type": "datasource",
      },
      "metadataRequest": [MockFunction],
      "name": "",
      "prepareLogRowContextQueryTarget": [Function],
      "runLiveQuery": [Function],
      "streamOptionsProvider": [Function],
      "streams": LiveStreams {
        "streams": Object {},
      },
      "templateSrv": Object {},
      "timeSrv": Object {
        "timeRange": [Function],
      },
      "type": "",
      "uid": "",
      "variables": LokiVariableSupport {
        "datasource": [Circular],
        "editor": [Function],
        "query": [Function],
      },
    }
  }
  history={Array []}
  onBlur={[Function]}
  onChange={[MockFunction]}
  onRunQuery={[MockFunction]}
  query={
    Object {
      "expr": "",
      "maxLines": 0,
      "refId": "A",
    }
  }
  range={
    Object {
      "from": "2020-01-01T00:00:00.000Z",
      "raw": Object {
        "from": "2020-01-01T00:00:00.000Z",
        "to": "2020-01-02T00:00:00.000Z",
      },
      "to": "2020-01-02T00:00:00.000Z",
    }
  }
/>
`;
