// Jest Snapshot v1, https://goo.gl/fbAQLP

exports[`LokiExploreExtraField should render component 1`] = `
<div
  className="gf-form-inline"
>
  <div
    className="gf-form"
  >
    <Component
      width={5}
    >
      Loki Explore Extra Field
    </Component>
    <input
      className="gf-form-input width-4"
      min={0}
      onChange={[MockFunction]}
      onKeyDown={[MockFunction]}
      placeholder="auto"
      type="number"
      value="123"
    />
  </div>
</div>
`;
