// Jest Snapshot v1, https://goo.gl/fbAQLP

exports[`Render should render component 1`] = `
<div
  className="panel-container css-1sl7nld"
>
  <AddPanelWidgetHandle
    onCancel={[Function]}
  />
  <div
    className="css-1wtsk46"
  >
    <AddPanelWidgetCreate
      onCreate={[Function]}
      onPasteCopiedPanel={[Function]}
    />
    <div>
      <Component
        justify="center"
      >
        <Button
          onClick={[Function]}
          size="sm"
          variant="secondary"
        >
          Convert to row
        </Button>
      </Component>
    </div>
  </div>
</div>
`;
