// Jest Snapshot v1, https://goo.gl/fbAQLP

exports[`Render should render component 1`] = `
<div
  className="search-section"
>
  <div
    className="search-section__header pointer "
    onClick={[Function]}
  >
    <FormSwitch
      label=""
      onChange={[Function]}
      switchClass="gf-form-switch--transparent gf-form-switch--search-result__section"
    />
    <i
      className="search-section__header__icon cool-icon"
    />
    <span
      className="search-section__header__text"
    >
      Such a cool folder
    </span>
    <a
      className="search-section__header__link"
      href="some/url/1"
    >
      <i
        className="fa fa-cog"
      />
    </a>
    <i
      className="fa fa-angle-right search-section__header__toggle"
    />
  </div>
</div>
`;

exports[`Render should render items 1`] = `
<div
  className="search-section"
>
  <div
    className="search-section__header pointer "
    onClick={[Function]}
  >
    <FormSwitch
      label=""
      onChange={[Function]}
      switchClass="gf-form-switch--transparent gf-form-switch--search-result__section"
    />
    <i
      className="search-section__header__icon cool-icon"
    />
    <span
      className="search-section__header__text"
    >
      Such a cool folder
    </span>
    <a
      className="search-section__header__link"
      href="some/url/1"
    >
      <i
        className="fa fa-cog"
      />
    </a>
    <i
      className="fa fa-angle-down search-section__header__toggle"
    />
  </div>
  <Connect(SectionItem)
    item={
      Object {
        "folderId": 1,
        "folderTitle": "folderur",
        "folderUid": "folder-1",
        "folderUrl": "some/folderUrl/1",
        "id": 0,
        "isStarred": false,
        "tags": Array [
          "blue",
          "green",
        ],
        "title": "item-0",
        "type": "",
        "uid": "id-0",
        "uri": "",
        "url": "some/url/0",
      }
    }
    key="0-0"
  />
  <Connect(SectionItem)
    item={
      Object {
        "folderId": 1,
        "folderTitle": "folderur",
        "folderUid": "folder-1",
        "folderUrl": "some/folderUrl/1",
        "id": 1,
        "isStarred": false,
        "tags": Array [
          "blue",
          "green",
        ],
        "title": "item-1",
        "type": "",
        "uid": "id-1",
        "uri": "",
        "url": "some/url/1",
      }
    }
    key="1-1"
  />
  <Connect(SectionItem)
    item={
      Object {
        "folderId": 1,
        "folderTitle": "folderur",
        "folderUid": "folder-1",
        "folderUrl": "some/folderUrl/1",
        "id": 2,
        "isStarred": false,
        "tags": Array [
          "blue",
          "green",
        ],
        "title": "item-2",
        "type": "",
        "uid": "id-2",
        "uri": "",
        "url": "some/url/2",
      }
    }
    key="2-2"
  />
  <Connect(SectionItem)
    item={
      Object {
        "folderId": 1,
        "folderTitle": "folderur",
        "folderUid": "folder-1",
        "folderUrl": "some/folderUrl/1",
        "id": 3,
        "isStarred": false,
        "tags": Array [
          "blue",
          "green",
        ],
        "title": "item-3",
        "type": "",
        "uid": "id-3",
        "uri": "",
        "url": "some/url/3",
      }
    }
    key="3-3"
  />
  <Connect(SectionItem)
    item={
      Object {
        "folderId": 1,
        "folderTitle": "folderur",
        "folderUid": "folder-1",
        "folderUrl": "some/folderUrl/1",
        "id": 4,
        "isStarred": false,
        "tags": Array [
          "blue",
          "green",
        ],
        "title": "item-4",
        "type": "",
        "uid": "id-4",
        "uri": "",
        "url": "some/url/4",
      }
    }
    key="4-4"
  />
  <Connect(SectionItem)
    item={
      Object {
        "folderId": 1,
        "folderTitle": "folderur",
        "folderUid": "folder-1",
        "folderUrl": "some/folderUrl/1",
        "id": 5,
        "isStarred": false,
        "tags": Array [
          "blue",
          "green",
        ],
        "title": "item-5",
        "type": "",
        "uid": "id-5",
        "uri": "",
        "url": "some/url/5",
      }
    }
    key="5-5"
  />
</div>
`;
