// Jest Snapshot v1, https://goo.gl/fbAQLP

exports[`Tooltip renders correctly 1`] = `
<div
  className="popper__manager test-class"
  onMouseEnter={[Function]}
  onMouseLeave={[Function]}
>
  <div>
    <a
      href="http://www.grafana.com"
    >
      Link with tooltip
    </a>
  </div>
</div>
`;
