// Jest Snapshot v1, https://goo.gl/fbAQLP

exports[`drawMarkers candle Color strategy: CloseClose clipping region 1`] = `[]`;

exports[`drawMarkers candle Color strategy: CloseClose draw 1`] = `
[
  {
    "props": {
      "fillRule": "nonzero",
      "path": [],
    },
    "transform": [
      1,
      0,
      0,
      1,
      0,
      0,
    ],
    "type": "fill",
  },
  {
    "props": {
      "fillRule": "nonzero",
      "path": [],
    },
    "transform": [
      1,
      0,
      0,
      1,
      0,
      0,
    ],
    "type": "fill",
  },
  {
    "props": {
      "fillRule": "nonzero",
      "path": [],
    },
    "transform": [
      1,
      0,
      0,
      1,
      0,
      0,
    ],
    "type": "fill",
  },
  {
    "props": {
      "fillRule": "nonzero",
      "path": [],
    },
    "transform": [
      1,
      0,
      0,
      1,
      0,
      0,
    ],
    "type": "fill",
  },
]
`;

exports[`drawMarkers candle Color strategy: CloseClose events 1`] = `
[
  {
    "props": {},
    "transform": [
      1,
      0,
      0,
      1,
      0,
      0,
    ],
    "type": "save",
  },
  {
    "props": {
      "height": 50,
      "width": 0,
      "x": 50,
      "y": 0,
    },
    "transform": [
      1,
      0,
      0,
      1,
      0,
      0,
    ],
    "type": "rect",
  },
  {
    "props": {
      "fillRule": "nonzero",
      "path": [
        {
          "props": {},
          "transform": [
            1,
            0,
            0,
            1,
            0,
            0,
          ],
          "type": "beginPath",
        },
        {
          "props": {
            "height": 50,
            "width": 0,
            "x": 50,
            "y": 0,
          },
          "transform": [
            1,
            0,
            0,
            1,
            0,
            0,
          ],
          "type": "rect",
        },
      ],
    },
    "transform": [
      1,
      0,
      0,
      1,
      0,
      0,
    ],
    "type": "clip",
  },
  {
    "props": {
      "value": "#00ff00",
    },
    "transform": [
      1,
      0,
      0,
      1,
      0,
      0,
    ],
    "type": "fillStyle",
  },
  {
    "props": {
      "fillRule": "nonzero",
      "path": [],
    },
    "transform": [
      1,
      0,
      0,
      1,
      0,
      0,
    ],
    "type": "fill",
  },
  {
    "props": {
      "value": "#ff0000",
    },
    "transform": [
      1,
      0,
      0,
      1,
      0,
      0,
    ],
    "type": "fillStyle",
  },
  {
    "props": {
      "fillRule": "nonzero",
      "path": [],
    },
    "transform": [
      1,
      0,
      0,
      1,
      0,
      0,
    ],
    "type": "fill",
  },
  {
    "props": {
      "value": "#888888",
    },
    "transform": [
      1,
      0,
      0,
      1,
      0,
      0,
    ],
    "type": "fillStyle",
  },
  {
    "props": {
      "fillRule": "nonzero",
      "path": [],
    },
    "transform": [
      1,
      0,
      0,
      1,
      0,
      0,
    ],
    "type": "fill",
  },
  {
    "props": {
      "value": "destination-out",
    },
    "transform": [
      1,
      0,
      0,
      1,
      0,
      0,
    ],
    "type": "globalCompositeOperation",
  },
  {
    "props": {
      "fillRule": "nonzero",
      "path": [],
    },
    "transform": [
      1,
      0,
      0,
      1,
      0,
      0,
    ],
    "type": "fill",
  },
  {
    "props": {},
    "transform": [
      1,
      0,
      0,
      1,
      0,
      0,
    ],
    "type": "restore",
  },
]
`;

exports[`drawMarkers candle Color strategy: CloseClose path 1`] = `
[
  {
    "props": {},
    "transform": [
      1,
      0,
      0,
      1,
      0,
      0,
    ],
    "type": "beginPath",
  },
  {
    "props": {
      "height": 50,
      "width": 0,
      "x": 50,
      "y": 0,
    },
    "transform": [
      1,
      0,
      0,
      1,
      0,
      0,
    ],
    "type": "rect",
  },
  {
    "props": {
      "fillRule": "nonzero",
      "path": [
        {
          "props": {},
          "transform": [
            1,
            0,
            0,
            1,
            0,
            0,
          ],
          "type": "beginPath",
        },
        {
          "props": {
            "height": 50,
            "width": 0,
            "x": 50,
            "y": 0,
          },
          "transform": [
            1,
            0,
            0,
            1,
            0,
            0,
          ],
          "type": "rect",
        },
      ],
    },
    "transform": [
      1,
      0,
      0,
      1,
      0,
      0,
    ],
    "type": "clip",
  },
]
`;

exports[`drawMarkers candle Color strategy: OpenOpen clipping region 1`] = `[]`;

exports[`drawMarkers candle Color strategy: OpenOpen draw 1`] = `
[
  {
    "props": {
      "fillRule": "nonzero",
      "path": [],
    },
    "transform": [
      1,
      0,
      0,
      1,
      0,
      0,
    ],
    "type": "fill",
  },
  {
    "props": {
      "fillRule": "nonzero",
      "path": [],
    },
    "transform": [
      1,
      0,
      0,
      1,
      0,
      0,
    ],
    "type": "fill",
  },
  {
    "props": {
      "fillRule": "nonzero",
      "path": [],
    },
    "transform": [
      1,
      0,
      0,
      1,
      0,
      0,
    ],
    "type": "fill",
  },
  {
    "props": {
      "fillRule": "nonzero",
      "path": [],
    },
    "transform": [
      1,
      0,
      0,
      1,
      0,
      0,
    ],
    "type": "fill",
  },
]
`;

exports[`drawMarkers candle Color strategy: OpenOpen events 1`] = `
[
  {
    "props": {},
    "transform": [
      1,
      0,
      0,
      1,
      0,
      0,
    ],
    "type": "save",
  },
  {
    "props": {
      "height": 50,
      "width": 0,
      "x": 50,
      "y": 0,
    },
    "transform": [
      1,
      0,
      0,
      1,
      0,
      0,
    ],
    "type": "rect",
  },
  {
    "props": {
      "fillRule": "nonzero",
      "path": [
        {
          "props": {},
          "transform": [
            1,
            0,
            0,
            1,
            0,
            0,
          ],
          "type": "beginPath",
        },
        {
          "props": {
            "height": 50,
            "width": 0,
            "x": 50,
            "y": 0,
          },
          "transform": [
            1,
            0,
            0,
            1,
            0,
            0,
          ],
          "type": "rect",
        },
      ],
    },
    "transform": [
      1,
      0,
      0,
      1,
      0,
      0,
    ],
    "type": "clip",
  },
  {
    "props": {
      "value": "#00ff00",
    },
    "transform": [
      1,
      0,
      0,
      1,
      0,
      0,
    ],
    "type": "fillStyle",
  },
  {
    "props": {
      "fillRule": "nonzero",
      "path": [],
    },
    "transform": [
      1,
      0,
      0,
      1,
      0,
      0,
    ],
    "type": "fill",
  },
  {
    "props": {
      "value": "#ff0000",
    },
    "transform": [
      1,
      0,
      0,
      1,
      0,
      0,
    ],
    "type": "fillStyle",
  },
  {
    "props": {
      "fillRule": "nonzero",
      "path": [],
    },
    "transform": [
      1,
      0,
      0,
      1,
      0,
      0,
    ],
    "type": "fill",
  },
  {
    "props": {
      "value": "#888888",
    },
    "transform": [
      1,
      0,
      0,
      1,
      0,
      0,
    ],
    "type": "fillStyle",
  },
  {
    "props": {
      "fillRule": "nonzero",
      "path": [],
    },
    "transform": [
      1,
      0,
      0,
      1,
      0,
      0,
    ],
    "type": "fill",
  },
  {
    "props": {
      "value": "destination-out",
    },
    "transform": [
      1,
      0,
      0,
      1,
      0,
      0,
    ],
    "type": "globalCompositeOperation",
  },
  {
    "props": {
      "fillRule": "nonzero",
      "path": [],
    },
    "transform": [
      1,
      0,
      0,
      1,
      0,
      0,
    ],
    "type": "fill",
  },
  {
    "props": {},
    "transform": [
      1,
      0,
      0,
      1,
      0,
      0,
    ],
    "type": "restore",
  },
]
`;

exports[`drawMarkers candle Color strategy: OpenOpen path 1`] = `
[
  {
    "props": {},
    "transform": [
      1,
      0,
      0,
      1,
      0,
      0,
    ],
    "type": "beginPath",
  },
  {
    "props": {
      "height": 50,
      "width": 0,
      "x": 50,
      "y": 0,
    },
    "transform": [
      1,
      0,
      0,
      1,
      0,
      0,
    ],
    "type": "rect",
  },
  {
    "props": {
      "fillRule": "nonzero",
      "path": [
        {
          "props": {},
          "transform": [
            1,
            0,
            0,
            1,
            0,
            0,
          ],
          "type": "beginPath",
        },
        {
          "props": {
            "height": 50,
            "width": 0,
            "x": 50,
            "y": 0,
          },
          "transform": [
            1,
            0,
            0,
            1,
            0,
            0,
          ],
          "type": "rect",
        },
      ],
    },
    "transform": [
      1,
      0,
      0,
      1,
      0,
      0,
    ],
    "type": "clip",
  },
]
`;

exports[`drawMarkers candle clipping region 1`] = `[]`;

exports[`drawMarkers candle draw 1`] = `
[
  {
    "props": {
      "fillRule": "nonzero",
      "path": [],
    },
    "transform": [
      1,
      0,
      0,
      1,
      0,
      0,
    ],
    "type": "fill",
  },
  {
    "props": {
      "fillRule": "nonzero",
      "path": [],
    },
    "transform": [
      1,
      0,
      0,
      1,
      0,
      0,
    ],
    "type": "fill",
  },
  {
    "props": {
      "fillRule": "nonzero",
      "path": [],
    },
    "transform": [
      1,
      0,
      0,
      1,
      0,
      0,
    ],
    "type": "fill",
  },
  {
    "props": {
      "fillRule": "nonzero",
      "path": [],
    },
    "transform": [
      1,
      0,
      0,
      1,
      0,
      0,
    ],
    "type": "fill",
  },
]
`;

exports[`drawMarkers candle events 1`] = `
[
  {
    "props": {},
    "transform": [
      1,
      0,
      0,
      1,
      0,
      0,
    ],
    "type": "save",
  },
  {
    "props": {
      "height": 50,
      "width": 0,
      "x": 50,
      "y": 0,
    },
    "transform": [
      1,
      0,
      0,
      1,
      0,
      0,
    ],
    "type": "rect",
  },
  {
    "props": {
      "fillRule": "nonzero",
      "path": [
        {
          "props": {},
          "transform": [
            1,
            0,
            0,
            1,
            0,
            0,
          ],
          "type": "beginPath",
        },
        {
          "props": {
            "height": 50,
            "width": 0,
            "x": 50,
            "y": 0,
          },
          "transform": [
            1,
            0,
            0,
            1,
            0,
            0,
          ],
          "type": "rect",
        },
      ],
    },
    "transform": [
      1,
      0,
      0,
      1,
      0,
      0,
    ],
    "type": "clip",
  },
  {
    "props": {
      "value": "#00ff00",
    },
    "transform": [
      1,
      0,
      0,
      1,
      0,
      0,
    ],
    "type": "fillStyle",
  },
  {
    "props": {
      "fillRule": "nonzero",
      "path": [],
    },
    "transform": [
      1,
      0,
      0,
      1,
      0,
      0,
    ],
    "type": "fill",
  },
  {
    "props": {
      "value": "#ff0000",
    },
    "transform": [
      1,
      0,
      0,
      1,
      0,
      0,
    ],
    "type": "fillStyle",
  },
  {
    "props": {
      "fillRule": "nonzero",
      "path": [],
    },
    "transform": [
      1,
      0,
      0,
      1,
      0,
      0,
    ],
    "type": "fill",
  },
  {
    "props": {
      "value": "#888888",
    },
    "transform": [
      1,
      0,
      0,
      1,
      0,
      0,
    ],
    "type": "fillStyle",
  },
  {
    "props": {
      "fillRule": "nonzero",
      "path": [],
    },
    "transform": [
      1,
      0,
      0,
      1,
      0,
      0,
    ],
    "type": "fill",
  },
  {
    "props": {
      "value": "destination-out",
    },
    "transform": [
      1,
      0,
      0,
      1,
      0,
      0,
    ],
    "type": "globalCompositeOperation",
  },
  {
    "props": {
      "fillRule": "nonzero",
      "path": [],
    },
    "transform": [
      1,
      0,
      0,
      1,
      0,
      0,
    ],
    "type": "fill",
  },
  {
    "props": {},
    "transform": [
      1,
      0,
      0,
      1,
      0,
      0,
    ],
    "type": "restore",
  },
]
`;

exports[`drawMarkers candle path 1`] = `
[
  {
    "props": {},
    "transform": [
      1,
      0,
      0,
      1,
      0,
      0,
    ],
    "type": "beginPath",
  },
  {
    "props": {
      "height": 50,
      "width": 0,
      "x": 50,
      "y": 0,
    },
    "transform": [
      1,
      0,
      0,
      1,
      0,
      0,
    ],
    "type": "rect",
  },
  {
    "props": {
      "fillRule": "nonzero",
      "path": [
        {
          "props": {},
          "transform": [
            1,
            0,
            0,
            1,
            0,
            0,
          ],
          "type": "beginPath",
        },
        {
          "props": {
            "height": 50,
            "width": 0,
            "x": 50,
            "y": 0,
          },
          "transform": [
            1,
            0,
            0,
            1,
            0,
            0,
          ],
          "type": "rect",
        },
      ],
    },
    "transform": [
      1,
      0,
      0,
      1,
      0,
      0,
    ],
    "type": "clip",
  },
]
`;

exports[`drawMarkers candle with volume & regions clipping region 1`] = `[]`;

exports[`drawMarkers candle with volume & regions draw 1`] = `
[
  {
    "props": {
      "fillRule": "nonzero",
      "path": [],
    },
    "transform": [
      1,
      0,
      0,
      1,
      0,
      0,
    ],
    "type": "fill",
  },
  {
    "props": {
      "fillRule": "nonzero",
      "path": [],
    },
    "transform": [
      1,
      0,
      0,
      1,
      0,
      0,
    ],
    "type": "fill",
  },
  {
    "props": {
      "fillRule": "nonzero",
      "path": [],
    },
    "transform": [
      1,
      0,
      0,
      1,
      0,
      0,
    ],
    "type": "fill",
  },
  {
    "props": {
      "fillRule": "nonzero",
      "path": [],
    },
    "transform": [
      1,
      0,
      0,
      1,
      0,
      0,
    ],
    "type": "fill",
  },
  {
    "props": {
      "fillRule": "nonzero",
      "path": [],
    },
    "transform": [
      1,
      0,
      0,
      1,
      0,
      0,
    ],
    "type": "fill",
  },
  {
    "props": {
      "fillRule": "nonzero",
      "path": [],
    },
    "transform": [
      1,
      0,
      0,
      1,
      0,
      0,
    ],
    "type": "fill",
  },
  {
    "props": {
      "fillRule": "nonzero",
      "path": [],
    },
    "transform": [
      1,
      0,
      0,
      1,
      0,
      0,
    ],
    "type": "fill",
  },
]
`;

exports[`drawMarkers candle with volume & regions events 1`] = `
[
  {
    "props": {},
    "transform": [
      1,
      0,
      0,
      1,
      0,
      0,
    ],
    "type": "save",
  },
  {
    "props": {
      "height": 50,
      "width": 0,
      "x": 50,
      "y": 0,
    },
    "transform": [
      1,
      0,
      0,
      1,
      0,
      0,
    ],
    "type": "rect",
  },
  {
    "props": {
      "fillRule": "nonzero",
      "path": [
        {
          "props": {},
          "transform": [
            1,
            0,
            0,
            1,
            0,
            0,
          ],
          "type": "beginPath",
        },
        {
          "props": {
            "height": 50,
            "width": 0,
            "x": 50,
            "y": 0,
          },
          "transform": [
            1,
            0,
            0,
            1,
            0,
            0,
          ],
          "type": "rect",
        },
      ],
    },
    "transform": [
      1,
      0,
      0,
      1,
      0,
      0,
    ],
    "type": "clip",
  },
  {
    "props": {
      "value": "rgba(0, 255, 0, 0.5)",
    },
    "transform": [
      1,
      0,
      0,
      1,
      0,
      0,
    ],
    "type": "fillStyle",
  },
  {
    "props": {
      "fillRule": "nonzero",
      "path": [],
    },
    "transform": [
      1,
      0,
      0,
      1,
      0,
      0,
    ],
    "type": "fill",
  },
  {
    "props": {
      "value": "rgba(255, 0, 0, 0.5)",
    },
    "transform": [
      1,
      0,
      0,
      1,
      0,
      0,
    ],
    "type": "fillStyle",
  },
  {
    "props": {
      "fillRule": "nonzero",
      "path": [],
    },
    "transform": [
      1,
      0,
      0,
      1,
      0,
      0,
    ],
    "type": "fill",
  },
  {
    "props": {
      "value": "rgba(136, 136, 136, 0.5)",
    },
    "transform": [
      1,
      0,
      0,
      1,
      0,
      0,
    ],
    "type": "fillStyle",
  },
  {
    "props": {
      "fillRule": "nonzero",
      "path": [],
    },
    "transform": [
      1,
      0,
      0,
      1,
      0,
      0,
    ],
    "type": "fill",
  },
  {
    "props": {
      "value": "#00ff00",
    },
    "transform": [
      1,
      0,
      0,
      1,
      0,
      0,
    ],
    "type": "fillStyle",
  },
  {
    "props": {
      "fillRule": "nonzero",
      "path": [],
    },
    "transform": [
      1,
      0,
      0,
      1,
      0,
      0,
    ],
    "type": "fill",
  },
  {
    "props": {
      "value": "#ff0000",
    },
    "transform": [
      1,
      0,
      0,
      1,
      0,
      0,
    ],
    "type": "fillStyle",
  },
  {
    "props": {
      "fillRule": "nonzero",
      "path": [],
    },
    "transform": [
      1,
      0,
      0,
      1,
      0,
      0,
    ],
    "type": "fill",
  },
  {
    "props": {
      "value": "#888888",
    },
    "transform": [
      1,
      0,
      0,
      1,
      0,
      0,
    ],
    "type": "fillStyle",
  },
  {
    "props": {
      "fillRule": "nonzero",
      "path": [],
    },
    "transform": [
      1,
      0,
      0,
      1,
      0,
      0,
    ],
    "type": "fill",
  },
  {
    "props": {
      "value": "destination-out",
    },
    "transform": [
      1,
      0,
      0,
      1,
      0,
      0,
    ],
    "type": "globalCompositeOperation",
  },
  {
    "props": {
      "fillRule": "nonzero",
      "path": [],
    },
    "transform": [
      1,
      0,
      0,
      1,
      0,
      0,
    ],
    "type": "fill",
  },
  {
    "props": {},
    "transform": [
      1,
      0,
      0,
      1,
      0,
      0,
    ],
    "type": "restore",
  },
]
`;

exports[`drawMarkers candle with volume & regions path 1`] = `
[
  {
    "props": {},
    "transform": [
      1,
      0,
      0,
      1,
      0,
      0,
    ],
    "type": "beginPath",
  },
  {
    "props": {
      "height": 50,
      "width": 0,
      "x": 50,
      "y": 0,
    },
    "transform": [
      1,
      0,
      0,
      1,
      0,
      0,
    ],
    "type": "rect",
  },
  {
    "props": {
      "fillRule": "nonzero",
      "path": [
        {
          "props": {},
          "transform": [
            1,
            0,
            0,
            1,
            0,
            0,
          ],
          "type": "beginPath",
        },
        {
          "props": {
            "height": 50,
            "width": 0,
            "x": 50,
            "y": 0,
          },
          "transform": [
            1,
            0,
            0,
            1,
            0,
            0,
          ],
          "type": "rect",
        },
      ],
    },
    "transform": [
      1,
      0,
      0,
      1,
      0,
      0,
    ],
    "type": "clip",
  },
]
`;

exports[`drawMarkers candle with volume clipping region 1`] = `[]`;

exports[`drawMarkers candle with volume draw 1`] = `
[
  {
    "props": {
      "fillRule": "nonzero",
      "path": [],
    },
    "transform": [
      1,
      0,
      0,
      1,
      0,
      0,
    ],
    "type": "fill",
  },
  {
    "props": {
      "fillRule": "nonzero",
      "path": [],
    },
    "transform": [
      1,
      0,
      0,
      1,
      0,
      0,
    ],
    "type": "fill",
  },
  {
    "props": {
      "fillRule": "nonzero",
      "path": [],
    },
    "transform": [
      1,
      0,
      0,
      1,
      0,
      0,
    ],
    "type": "fill",
  },
  {
    "props": {
      "fillRule": "nonzero",
      "path": [],
    },
    "transform": [
      1,
      0,
      0,
      1,
      0,
      0,
    ],
    "type": "fill",
  },
  {
    "props": {
      "fillRule": "nonzero",
      "path": [],
    },
    "transform": [
      1,
      0,
      0,
      1,
      0,
      0,
    ],
    "type": "fill",
  },
  {
    "props": {
      "fillRule": "nonzero",
      "path": [],
    },
    "transform": [
      1,
      0,
      0,
      1,
      0,
      0,
    ],
    "type": "fill",
  },
  {
    "props": {
      "fillRule": "nonzero",
      "path": [],
    },
    "transform": [
      1,
      0,
      0,
      1,
      0,
      0,
    ],
    "type": "fill",
  },
]
`;

exports[`drawMarkers candle with volume events 1`] = `
[
  {
    "props": {},
    "transform": [
      1,
      0,
      0,
      1,
      0,
      0,
    ],
    "type": "save",
  },
  {
    "props": {
      "height": 50,
      "width": 0,
      "x": 50,
      "y": 0,
    },
    "transform": [
      1,
      0,
      0,
      1,
      0,
      0,
    ],
    "type": "rect",
  },
  {
    "props": {
      "fillRule": "nonzero",
      "path": [
        {
          "props": {},
          "transform": [
            1,
            0,
            0,
            1,
            0,
            0,
          ],
          "type": "beginPath",
        },
        {
          "props": {
            "height": 50,
            "width": 0,
            "x": 50,
            "y": 0,
          },
          "transform": [
            1,
            0,
            0,
            1,
            0,
            0,
          ],
          "type": "rect",
        },
      ],
    },
    "transform": [
      1,
      0,
      0,
      1,
      0,
      0,
    ],
    "type": "clip",
  },
  {
    "props": {
      "value": "rgba(0, 255, 0, 0.5)",
    },
    "transform": [
      1,
      0,
      0,
      1,
      0,
      0,
    ],
    "type": "fillStyle",
  },
  {
    "props": {
      "fillRule": "nonzero",
      "path": [],
    },
    "transform": [
      1,
      0,
      0,
      1,
      0,
      0,
    ],
    "type": "fill",
  },
  {
    "props": {
      "value": "rgba(255, 0, 0, 0.5)",
    },
    "transform": [
      1,
      0,
      0,
      1,
      0,
      0,
    ],
    "type": "fillStyle",
  },
  {
    "props": {
      "fillRule": "nonzero",
      "path": [],
    },
    "transform": [
      1,
      0,
      0,
      1,
      0,
      0,
    ],
    "type": "fill",
  },
  {
    "props": {
      "value": "rgba(136, 136, 136, 0.5)",
    },
    "transform": [
      1,
      0,
      0,
      1,
      0,
      0,
    ],
    "type": "fillStyle",
  },
  {
    "props": {
      "fillRule": "nonzero",
      "path": [],
    },
    "transform": [
      1,
      0,
      0,
      1,
      0,
      0,
    ],
    "type": "fill",
  },
  {
    "props": {
      "value": "#00ff00",
    },
    "transform": [
      1,
      0,
      0,
      1,
      0,
      0,
    ],
    "type": "fillStyle",
  },
  {
    "props": {
      "fillRule": "nonzero",
      "path": [],
    },
    "transform": [
      1,
      0,
      0,
      1,
      0,
      0,
    ],
    "type": "fill",
  },
  {
    "props": {
      "value": "#ff0000",
    },
    "transform": [
      1,
      0,
      0,
      1,
      0,
      0,
    ],
    "type": "fillStyle",
  },
  {
    "props": {
      "fillRule": "nonzero",
      "path": [],
    },
    "transform": [
      1,
      0,
      0,
      1,
      0,
      0,
    ],
    "type": "fill",
  },
  {
    "props": {
      "value": "#888888",
    },
    "transform": [
      1,
      0,
      0,
      1,
      0,
      0,
    ],
    "type": "fillStyle",
  },
  {
    "props": {
      "fillRule": "nonzero",
      "path": [],
    },
    "transform": [
      1,
      0,
      0,
      1,
      0,
      0,
    ],
    "type": "fill",
  },
  {
    "props": {
      "value": "destination-out",
    },
    "transform": [
      1,
      0,
      0,
      1,
      0,
      0,
    ],
    "type": "globalCompositeOperation",
  },
  {
    "props": {
      "fillRule": "nonzero",
      "path": [],
    },
    "transform": [
      1,
      0,
      0,
      1,
      0,
      0,
    ],
    "type": "fill",
  },
  {
    "props": {},
    "transform": [
      1,
      0,
      0,
      1,
      0,
      0,
    ],
    "type": "restore",
  },
]
`;

exports[`drawMarkers candle with volume path 1`] = `
[
  {
    "props": {},
    "transform": [
      1,
      0,
      0,
      1,
      0,
      0,
    ],
    "type": "beginPath",
  },
  {
    "props": {
      "height": 50,
      "width": 0,
      "x": 50,
      "y": 0,
    },
    "transform": [
      1,
      0,
      0,
      1,
      0,
      0,
    ],
    "type": "rect",
  },
  {
    "props": {
      "fillRule": "nonzero",
      "path": [
        {
          "props": {},
          "transform": [
            1,
            0,
            0,
            1,
            0,
            0,
          ],
          "type": "beginPath",
        },
        {
          "props": {
            "height": 50,
            "width": 0,
            "x": 50,
            "y": 0,
          },
          "transform": [
            1,
            0,
            0,
            1,
            0,
            0,
          ],
          "type": "rect",
        },
      ],
    },
    "transform": [
      1,
      0,
      0,
      1,
      0,
      0,
    ],
    "type": "clip",
  },
]
`;
